---
source: crates/vuff_sv_formatter/tests/fixture_snapshots.rs
expression: formatted
input_file: tests/fixtures/06_nested_if/input.sv
---
module a (input wire a, input wire b, output logic q);
  always_comb begin
    if (a) begin
      if (b) q = 1'b1;
      else q = 1'b0;
    end else begin
      q = 1'b0;
    end
  end
endmodule
